$ npm run build

> software-construction-workshop-2@0.5.0 build
> tsup src/index.ts --format cjs,esm --dts

CLI Building entry: src/index.ts
CLI Using tsconfig: tsconfig.json
CLI tsup v8.5.1
CLI Using tsup config: /Volumes/SSDeeznuts/Конструювання програмного забезпечення/software-construction-workshop-2/tsup.config.ts
CLI Target: es2022
CLI Cleaning output folder
CJS Build start
ESM Build start
CJS dist/index.cjs 2.90 KB
CJS ⚡️ Build success in 8ms
ESM dist/index.mjs 1.15 KB
ESM ⚡️ Build success in 8ms
DTS Build start
DTS ⚡️ Build success in 790ms
DTS dist/index.d.ts  1.08 KB
DTS dist/index.d.mts 1.08 KB

exit code: 0

