$ npm run typecheck

> software-construction-workshop-2@2.0.0 typecheck
> tsc --noEmit


exit code: 0

$ npm run lint

> software-construction-workshop-2@2.0.0 lint
> eslint . --ext .ts


exit code: 0

$ npm run format:check

> software-construction-workshop-2@2.0.0 format:check
> prettier --check .

Checking formatting...
All matched files use Prettier code style!

exit code: 0

$ npm run demo

> software-construction-workshop-2@2.0.0 demo
> tsx src/demo.ts

◇ injected env (2) from .env
sum(2.0 ok): 9
capitalize(typed): Hello
format(ok): 123.456
group ok: [Object: null prototype] {
  Alice: [ { id: 1, name: 'Alice' } ],
  Bob: [ { id: 2, name: 'Bob' } ]
}
[INFO] Application started
[DEBUG] Extra debug info

exit code: 0

$ npm test

> software-construction-workshop-2@2.0.0 test
> npm run build && node --test tests/smoke.cjs


> software-construction-workshop-2@2.0.0 build
> tsup src/index.ts --format cjs,esm --dts

CLI Building entry: src/index.ts
CLI Using tsconfig: tsconfig.json
CLI tsup v8.5.1
CLI Using tsup config: /Volumes/SSDeeznuts/Конструювання програмного забезпечення/software-construction-workshop-2/tsup.config.ts
CLI Target: es2022
CLI Cleaning output folder
CJS Build start
ESM Build start
ESM dist/index.mjs 1.18 KB
ESM ⚡️ Build success in 7ms
CJS dist/index.cjs 2.93 KB
CJS ⚡️ Build success in 7ms
DTS Build start
DTS ⚡️ Build success in 695ms
DTS dist/index.d.ts  1.08 KB
DTS dist/index.d.mts 1.08 KB
◇ injected env (0) from .env
◇ injected env (0) from .env
✔ CJS exports and utility edge cases (2.100958ms)
✔ ESM public package import (50.634125ms)
✔ groupBy preserves groups, order, and prototype-like keys (1.9885ms)
✔ Logger respects silent, info, and debug levels (0.123291ms)
✔ configuration defaults without a .env file (69.120959ms)
✔ valid precision boundaries and log levels (459.341ms)
✔ zod rejects invalid environment values (378.272167ms)
ℹ tests 7
ℹ suites 0
ℹ pass 7
ℹ fail 0
ℹ cancelled 0
ℹ skipped 0
ℹ todo 0
ℹ duration_ms 1061.320041

exit code: 0

$ git check-ignore .env
.env

exit code: 0

$ git config --get core.hooksPath
.husky/_

exit code: 0

$ git log --oneline --decorate
bda56ec (HEAD -> main, tag: v2.0.0, origin/main) chore: release v2.0.0
8a6bdad feat!: change add signature to accept number[]
60276b3 (tag: v1.0.0) chore: release v1.0.0
3fed7ea chore: stabilize public API; forbid any; add package exports
4e719f6 (tag: v0.5.0) chore: release v0.5.0
bf815b5 feat: add Logger and env config via zod
d6c1e90 (tag: v0.4.0) chore: release v0.4.0
c12c77f feat: add User interface and generic groupBy
4751d92 (tag: v0.3.0) chore: release v0.3.0
9e312e6 feat: add formatNumber with NumberFormatOptions
b37a6ff (tag: v0.2.0) chore: release v0.2.0
7313983 feat: add basic types for utils (number/string)
300cdfc (tag: v0.1.0) chore: release v0.1.0
1d88e04 feat: basic utils with any (add, capitalize)
7159928 chore: project scaffolding (npm, tsconfig, eslint, prettier, husky, commitlint, scripts)

exit code: 0

$ git for-each-ref --format=%(refname:short) %(objecttype) refs/tags
v0.1.0 tag
v0.2.0 tag
v0.3.0 tag
v0.4.0 tag
v0.5.0 tag
v1.0.0 tag
v2.0.0 tag

exit code: 0

Verified: all seven annotated tags match package versions; .env absent from all Git history.
$ sh .husky/_/commit-msg /private/tmp/workshop2-tools/bad-commit.txt
⧗   --- input ---
bad message
✖   subject may not be empty [subject-empty]
✖   type may not be empty [type-empty]

✖   found 2 problems, 0 warnings
ⓘ   Get help: https://github.com/conventional-changelog/commitlint/#what-is-commitlint

husky - commit-msg script failed (code 1)

exit code: 1

